// Vitest Snapshot v1

exports[`renders app 1`] = `
<div>
  <button
    class="btn btn-primary"
  >
    Button
  </button>
</div>
`;
